To honour the JVM settings for this build a single-use Daemon process will be forked. For more on this, please refer to https://docs.gradle.org/9.2.0/userguide/gradle_daemon.html#sec:disabling_the_daemon in the Gradle documentation.
Daemon will be stopped at the end of the build 

> Configure project :
Fabric Loom: 1.15.4

> Task :compileJava UP-TO-DATE
> Task :processResources UP-TO-DATE
> Task :classes UP-TO-DATE
> Task :compileClientJava NO-SOURCE
> Task :processClientResources NO-SOURCE
> Task :clientClasses UP-TO-DATE
> Task :generateLog4jConfig UP-TO-DATE
> Task :generateRemapClasspath UP-TO-DATE
> Task :generateDLIConfig UP-TO-DATE
> Task :configureLaunch UP-TO-DATE
> Task :downloadAssets UP-TO-DATE
> Task :configureClientLaunch UP-TO-DATE

> Task :runClient
[34m[18:49:40][m [33m[main/WARN][m [36m(FabricLoader/Knot)[m [0mClass path entries reference missing files: D:\Enchantment-Shifter\build\classes\java\client, D:\Enchantment-Shifter\build\resources\client - the game may not load properly!
[m[34m[18:49:40][m [32m[main/INFO][m [36m(FabricLoader/GameProvider)[m [0mLoading Minecraft 1.21.5 with Fabric Loader 0.18.4
[m[34m[18:49:40][m [32m[main/INFO][m [36m(FabricLoader)[m [0mLoading 55 mods:
	- enchantment_shifter 1.0.0
	- fabric-api 0.128.2+1.21.5
	- fabric-api-base 0.4.62+73a52b4b49
	- fabric-api-lookup-api-v1 1.6.96+86c3a9f149
	- fabric-biome-api-v1 16.0.7+2dd063df49
	- fabric-block-api-v1 1.1.0+ed91556f49
	- fabric-block-view-api-v2 1.0.26+aa6d566c49
	- fabric-blockrenderlayer-v1 2.0.16+86c3a9f149
	- fabric-client-gametest-api-v1 4.2.0+dac2d6e349
	- fabric-client-tags-api-v1 1.1.37+86c3a9f149
	- fabric-command-api-v1 1.2.70+f71b366f49
	- fabric-command-api-v2 2.2.49+73a52b4b49
	- fabric-commands-v0 0.2.87+df3654b349
	- fabric-content-registries-v0 10.0.14+3e6c1f7d49
	- fabric-convention-tags-v1 2.1.33+7f945d5b49
	- fabric-convention-tags-v2 2.15.2+6d9989f349
	- fabric-crash-report-info-v1 0.3.12+86c3a9f149
	- fabric-data-attachment-api-v1 1.8.5+6d9989f349
	- fabric-data-generation-api-v1 22.5.2+a0fab30c49
	- fabric-dimensions-v1 4.0.17+3e6c1f7d49
	- fabric-entity-events-v1 2.1.0+3ce7866349
	- fabric-events-interaction-v0 4.0.15+64e3057949
	- fabric-game-rule-api-v1 1.0.70+c327076a49
	- fabric-gametest-api-v1 3.1.3+2a6ec84b49
	- fabric-item-api-v1 11.5.0+0620fe4749
	- fabric-item-group-api-v1 4.2.9+3459fc6149
	- fabric-key-binding-api-v1 1.0.63+ecf51cdc49
	- fabric-keybindings-v0 0.2.61+df3654b349
	- fabric-lifecycle-events-v1 2.6.0+230071a049
	- fabric-loot-api-v2 3.0.48+3f89f5a549
	- fabric-loot-api-v3 1.0.36+86c3a9f149
	- fabric-message-api-v1 6.1.0+fe971bba49
	- fabric-model-loading-api-v1 5.2.3+5281b90749
	- fabric-networking-api-v1 4.5.0+775be32c49
	- fabric-object-builder-api-v1 21.1.2+b8d6ba7049
	- fabric-particles-v1 4.1.2+112e550e49
	- fabric-recipe-api-v1 8.1.8+3235ab3249
	- fabric-registry-sync-v0 6.1.22+cd64004349
	- fabric-renderer-api-v1 6.1.2+bdf4842249
	- fabric-renderer-indigo 3.1.2+5281b90749
	- fabric-rendering-data-attachment-v1 0.3.64+73761d2e49
	- fabric-rendering-fluids-v1 3.1.27+86c3a9f149
	- fabric-rendering-v1 11.3.0+a272b33849
	- fabric-resource-conditions-api-v1 5.0.21+73a52b4b49
	- fabric-resource-loader-v0 3.1.7+847e5f5c49
	- fabric-screen-api-v1 2.0.46+86c3a9f149
	- fabric-screen-handler-api-v1 1.3.129+c327076a49
	- fabric-sound-api-v1 1.0.38+86c3a9f149
	- fabric-tag-api-v1 1.0.17+ecf51cdc49
	- fabric-transfer-api-v1 5.4.24+7b20cbb049
	- fabric-transitive-access-wideners-v1 6.3.17+f17a180c49
	- fabricloader 0.18.4
	- java 21
	- minecraft 1.21.5
	- mixinextras 0.5.0
[m[34m[18:49:41][m [32m[main/INFO][m [36m(FabricLoader/Mixin)[m [0mSpongePowered MIXIN Subsystem Version=0.8.7 Source=file:/C:/Users/DELL/.gradle/caches/modules-2/files-2.1/net.fabricmc/sponge-mixin/0.17.0+mixin.0.8.7/cf31463202f72d03b0ef1e1e38e8ee71b7faaab6/sponge-mixin-0.17.0+mixin.0.8.7.jar Service=Knot/Fabric Env=CLIENT
[m[34m[18:49:41][m [32m[main/INFO][m [36m(FabricLoader/Mixin)[m [0mLoaded Fabric development mappings for mixin remapper!
[m[34m[18:49:41][m [32m[main/INFO][m [36m(FabricLoader/Mixin)[m [0mCompatibility level set to JAVA_21
[m[34m[18:49:45][m [32m[main/INFO][m [36m(FabricLoader/MixinExtras|Service)[m [0mInitializing MixinExtras via com.llamalad7.mixinextras.service.MixinExtrasServiceImpl(version=0.5.0).
[m[34m[18:49:51][m [32m[Datafixer Bootstrap/INFO][m [36m(Minecraft)[m [0m263 Datafixer optimizations took 4233 milliseconds
[m[34m[18:50:20][m [32m[Render thread/INFO][m [36m(Minecraft)[m [0mEnvironment: Environment[sessionHost=https://sessionserver.mojang.com, servicesHost=https://api.minecraftservices.com, name=PROD]
[m[34m[18:50:20][m [32m[Render thread/INFO][m [36m(Minecraft)[m [0mSetting user: Player762
[m[34m[18:50:22][m [32m[Render thread/INFO][m [36m(Indigo)[m [0m[Indigo] Registering Indigo renderer!
[m[34m[18:50:24][m [32m[Render thread/INFO][m [36m(Minecraft)[m [0mBackend library: LWJGL version 3.3.3-snapshot
[m[34m[18:50:24][m [33m[Render thread/WARN][m [36m(Minecraft)[m [0mDetected unexpected shutdown during last game startup: resetting fullscreen mode
[m[34m[18:50:25][m [32m[Render thread/INFO][m [36m(Minecraft)[m [0mUsing optional rendering extensions: GL_KHR_debug, GL_ARB_vertex_attrib_binding, GL_ARB_direct_state_access
[m[34m[18:50:28][m [32m[Download-1/INFO][m [36m(Minecraft)[m [0mCould not authorize you against Realms server: java.lang.RuntimeException: Failed to parse into SignedJWT: FabricMC
[m[34m[18:50:29][m [32m[Render thread/INFO][m [36m(Minecraft)[m [0mReloading ResourceManager: vanilla, fabric, fabric-api, fabric-api-base, fabric-api-lookup-api-v1, fabric-biome-api-v1, fabric-block-api-v1, fabric-block-view-api-v2, fabric-blockrenderlayer-v1, fabric-client-gametest-api-v1, fabric-client-tags-api-v1, fabric-command-api-v1, fabric-command-api-v2, fabric-commands-v0, fabric-content-registries-v0, fabric-convention-tags-v1, fabric-convention-tags-v2, fabric-crash-report-info-v1, fabric-data-attachment-api-v1, fabric-data-generation-api-v1, fabric-dimensions-v1, fabric-entity-events-v1, fabric-events-interaction-v0, fabric-game-rule-api-v1, fabric-gametest-api-v1, fabric-item-api-v1, fabric-item-group-api-v1, fabric-key-binding-api-v1, fabric-keybindings-v0, fabric-lifecycle-events-v1, fabric-loot-api-v2, fabric-loot-api-v3, fabric-message-api-v1, fabric-model-loading-api-v1, fabric-networking-api-v1, fabric-object-builder-api-v1, fabric-particles-v1, fabric-recipe-api-v1, fabric-registry-sync-v0, fabric-renderer-api-v1, fabric-renderer-indigo, fabric-rendering-data-attachment-v1, fabric-rendering-fluids-v1, fabric-rendering-v1, fabric-resource-conditions-api-v1, fabric-resource-loader-v0, fabric-screen-api-v1, fabric-screen-handler-api-v1, fabric-sound-api-v1, fabric-tag-api-v1, fabric-transfer-api-v1, fabric-transitive-access-wideners-v1, fabricloader
[m[34m[18:50:30][m [32m[Worker-Main-11/INFO][m [36m(Minecraft)[m [0mFound unifont_all_no_pua-16.0.01.hex, loading
[m[34m[18:50:30][m [32m[Worker-Main-4/INFO][m [36m(Minecraft)[m [0mFound unifont_jp_patch-16.0.01.hex, loading
[m[34m[18:50:38][m [33m[Render thread/WARN][m [36m(Minecraft)[m [0mFound unknown and unsupported uniform Sampler1 in minecraft:pipeline/armor_translucent
[m[34m[18:50:38][m [33m[Render thread/WARN][m [36m(Minecraft)[m [0mFound unknown and unsupported uniform Sampler1 in minecraft:pipeline/energy_swirl
[m[34m[18:50:38][m [33m[Render thread/WARN][m [36m(Minecraft)[m [0mFound unknown and unsupported uniform Sampler2 in minecraft:pipeline/energy_swirl
[m[34m[18:50:38][m [33m[Render thread/WARN][m [36m(Minecraft)[m [0mFound unknown and unsupported uniform Sampler1 in minecraft:pipeline/entity_no_outline
[m[34m[18:50:38][m [33m[Render thread/WARN][m [36m(Minecraft)[m [0mFound unknown and unsupported uniform Sampler1 in minecraft:pipeline/armor_decal_cutout_no_cull
[m[34m[18:50:38][m [33m[Render thread/WARN][m [36m(Minecraft)[m [0mFound unknown and unsupported uniform Sampler1 in minecraft:pipeline/eyes
[m[34m[18:50:38][m [33m[Render thread/WARN][m [36m(Minecraft)[m [0mFound unknown and unsupported uniform Sampler2 in minecraft:pipeline/eyes
[m[34m[18:50:39][m [33m[Render thread/WARN][m [36m(Minecraft)[m [0mFound unknown and unsupported uniform Sampler1 in minecraft:pipeline/armor_cutout_no_cull
[m[34m[18:50:39][m [33m[Render thread/WARN][m [36m(Minecraft)[m [0mFound unknown and unsupported uniform Sampler1 in minecraft:pipeline/breeze_wind
[m[34m[18:50:39][m [32m[Render thread/INFO][m [36m(Minecraft)[m [0mOpenAL initialized on device OpenAL Soft on Speakers (AB13X USB Audio)
[m[34m[18:50:39][m [32m[Render thread/INFO][m [36m(Minecraft)[m [0mSound engine started
[m[34m[18:50:39][m [32m[Render thread/INFO][m [36m(Minecraft)[m [0mCreated: 1024x512x4 minecraft:textures/atlas/blocks.png-atlas
[m[34m[18:50:42][m [32m[Render thread/INFO][m [36m(Minecraft)[m [0mCreated: 256x256x4 minecraft:textures/atlas/signs.png-atlas
[m[34m[18:50:42][m [32m[Render thread/INFO][m [36m(Minecraft)[m [0mCreated: 512x512x4 minecraft:textures/atlas/banner_patterns.png-atlas
[m[34m[18:50:43][m [32m[Render thread/INFO][m [36m(Minecraft)[m [0mCreated: 512x512x4 minecraft:textures/atlas/shield_patterns.png-atlas
[m[34m[18:50:43][m [32m[Render thread/INFO][m [36m(Minecraft)[m [0mCreated: 2048x1024x4 minecraft:textures/atlas/armor_trims.png-atlas
[m[34m[18:50:43][m [32m[Render thread/INFO][m [36m(Minecraft)[m [0mCreated: 128x64x4 minecraft:textures/atlas/decorated_pot.png-atlas
[m[34m[18:50:43][m [32m[Render thread/INFO][m [36m(Minecraft)[m [0mCreated: 256x256x4 minecraft:textures/atlas/chest.png-atlas
[m[34m[18:50:43][m [32m[Render thread/INFO][m [36m(Minecraft)[m [0mCreated: 512x256x4 minecraft:textures/atlas/shulker_boxes.png-atlas
[m[34m[18:50:43][m [32m[Render thread/INFO][m [36m(Minecraft)[m [0mCreated: 512x256x4 minecraft:textures/atlas/beds.png-atlas
[m[34m[18:50:43][m [32m[Render thread/INFO][m [36m(Minecraft)[m [0mCreated: 64x64x0 minecraft:textures/atlas/map_decorations.png-atlas
[m[34m[18:50:45][m [32m[Render thread/INFO][m [36m(Minecraft)[m [0mCreated: 512x256x0 minecraft:textures/atlas/particles.png-atlas
[m[34m[18:50:45][m [32m[Render thread/INFO][m [36m(Minecraft)[m [0mCreated: 512x256x0 minecraft:textures/atlas/paintings.png-atlas
[m[34m[18:50:45][m [32m[Render thread/INFO][m [36m(Minecraft)[m [0mCreated: 256x128x0 minecraft:textures/atlas/mob_effects.png-atlas
[m[34m[18:50:45][m [32m[Render thread/INFO][m [36m(Minecraft)[m [0mCreated: 1024x512x0 minecraft:textures/atlas/gui.png-atlas
[m[34m[18:50:56][m [32m[Render thread/INFO][m [36m(Minecraft)[m [0mLoaded 1373 recipes
[m[34m[18:50:56][m [32m[Render thread/INFO][m [36m(Minecraft)[m [0mLoaded 1484 advancements
[m[34m[18:50:59][m [32m[Render thread/INFO][m [36m(BiomeModificationImpl)[m [0mApplied 0 biome modifications to 0 of 65 new biomes in 8.517 ms
[m[34m[18:50:59][m [32m[Server thread/INFO][m [36m(Minecraft)[m [0mStarting integrated minecraft server version 1.21.5
[m[34m[18:50:59][m [32m[Server thread/INFO][m [36m(Minecraft)[m [0mGenerating keypair
[m[34m[18:51:23][m [32m[Server thread/INFO][m [36m(Minecraft)[m [0mPreparing start region for dimension minecraft:overworld
[m[34m[18:51:23][m [32m[Render thread/INFO][m [36m(Minecraft)[m [0mPreparing spawn area: 2%
[m[34m[18:51:24][m [32m[Render thread/INFO][m [36m(Minecraft)[m [0mPreparing spawn area: 2%
[m[34m[18:51:24][m [32m[Render thread/INFO][m [36m(Minecraft)[m [0mPreparing spawn area: 2%
[m[34m[18:51:25][m [32m[Render thread/INFO][m [36m(Minecraft)[m [0mPreparing spawn area: 2%
[m[34m[18:51:25][m [32m[Render thread/INFO][m [36m(Minecraft)[m [0mPreparing spawn area: 2%
[m[34m[18:51:26][m [32m[Render thread/INFO][m [36m(Minecraft)[m [0mPreparing spawn area: 2%
[m[34m[18:51:26][m [32m[Render thread/INFO][m [36m(Minecraft)[m [0mPreparing spawn area: 2%
[m[34m[18:51:27][m [32m[Render thread/INFO][m [36m(Minecraft)[m [0mPreparing spawn area: 2%
[m[34m[18:51:27][m [32m[Render thread/INFO][m [36m(Minecraft)[m [0mPreparing spawn area: 2%
[m[34m[18:51:28][m [32m[Render thread/INFO][m [36m(Minecraft)[m [0mPreparing spawn area: 2%
[m[34m[18:51:29][m [32m[Render thread/INFO][m [36m(Minecraft)[m [0mPreparing spawn area: 2%
[m[34m[18:51:29][m [32m[Render thread/INFO][m [36m(Minecraft)[m [0mPreparing spawn area: 2%
[m[34m[18:51:29][m [32m[Render thread/INFO][m [36m(Minecraft)[m [0mPreparing spawn area: 2%
[m[34m[18:51:30][m [32m[Render thread/INFO][m [36m(Minecraft)[m [0mPreparing spawn area: 4%
[m[34m[18:51:30][m [32m[Render thread/INFO][m [36m(Minecraft)[m [0mPreparing spawn area: 16%
[m[34m[18:51:31][m [32m[Render thread/INFO][m [36m(Minecraft)[m [0mPreparing spawn area: 18%
[m[34m[18:51:31][m [32m[Render thread/INFO][m [36m(Minecraft)[m [0mPreparing spawn area: 18%
[m[34m[18:51:32][m [32m[Render thread/INFO][m [36m(Minecraft)[m [0mPreparing spawn area: 18%
[m[34m[18:51:32][m [32m[Render thread/INFO][m [36m(Minecraft)[m [0mPreparing spawn area: 18%
[m[34m[18:51:33][m [32m[Render thread/INFO][m [36m(Minecraft)[m [0mPreparing spawn area: 18%
[m[34m[18:51:33][m [32m[Render thread/INFO][m [36m(Minecraft)[m [0mPreparing spawn area: 18%
[m[34m[18:51:34][m [32m[Render thread/INFO][m [36m(Minecraft)[m [0mPreparing spawn area: 38%
[m[34m[18:51:34][m [32m[Render thread/INFO][m [36m(Minecraft)[m [0mPreparing spawn area: 51%
[m[34m[18:51:35][m [32m[Render thread/INFO][m [36m(Minecraft)[m [0mPreparing spawn area: 51%
[m[34m[18:51:35][m [32m[Render thread/INFO][m [36m(Minecraft)[m [0mPreparing spawn area: 51%
[m[34m[18:51:36][m [32m[Render thread/INFO][m [36m(Minecraft)[m [0mPreparing spawn area: 51%
[m[34m[18:51:36][m [32m[Render thread/INFO][m [36m(Minecraft)[m [0mPreparing spawn area: 51%
[m[34m[18:51:37][m [32m[Render thread/INFO][m [36m(Minecraft)[m [0mPreparing spawn area: 51%
[m[34m[18:51:37][m [32m[Render thread/INFO][m [36m(Minecraft)[m [0mPreparing spawn area: 51%
[m[34m[18:51:38][m [32m[Render thread/INFO][m [36m(Minecraft)[m [0mPreparing spawn area: 51%
[m[34m[18:51:38][m [32m[Render thread/INFO][m [36m(Minecraft)[m [0mPreparing spawn area: 51%
[m[34m[18:51:39][m [32m[Render thread/INFO][m [36m(Minecraft)[m [0mPreparing spawn area: 51%
[m[34m[18:51:39][m [32m[Render thread/INFO][m [36m(Minecraft)[m [0mTime elapsed: 15911 ms
[m[34m[18:51:39][m [32m[Server thread/INFO][m [36m(Minecraft)[m [0mChanging view distance to 12, from 10
[m[34m[18:51:39][m [32m[Server thread/INFO][m [36m(Minecraft)[m [0mChanging simulation distance to 12, from 0
[m[34m[18:51:44][m [32m[Server thread/INFO][m [36m(Minecraft)[m [0mPlayer762[local:E:86c5338d] logged in with entity id 33 at (2.5, 64.0, 10.5)
[m[34m[18:51:44][m [32m[Server thread/INFO][m [36m(Minecraft)[m [0mPlayer762 joined the game
[m[34m[18:51:45][m [32m[Render thread/INFO][m [36m(Minecraft)[m [0mLoaded 2 advancements
[m[34m[18:51:59][m [33m[Server thread/WARN][m [36m(Minecraft)[m [0mCan't keep up! Is the server overloaded? Running 3876ms or 77 ticks behind
[m[34m[18:52:04][m [32m[Render thread/INFO][m [36m(Minecraft)[m [0m[System] [CHAT] Expected ']'
[m[34m[18:52:04][m [32m[Render thread/INFO][m [36m(Minecraft)[m [0m[System] [CHAT] ... @p anvil[<--[HERE]
[m[34m[18:52:05][m [32m[Server thread/INFO][m [36m(Minecraft)[m [0m[Player762: Gave 1 [Anvil] to Player762]
[m[34m[18:52:05][m [32m[Render thread/INFO][m [36m(Minecraft)[m [0m[System] [CHAT] Gave 1 [Anvil] to Player762
[m[34m[18:52:12][m [32m[Server thread/INFO][m [36m(Minecraft)[m [0m[Player762: Gave 1 [Diamond Shovel] to Player762]
[m[34m[18:52:12][m [32m[Render thread/INFO][m [36m(Minecraft)[m [0m[System] [CHAT] Gave 1 [Diamond Shovel] to Player762
[m[34m[18:52:15][m [32m[Server thread/INFO][m [36m(Minecraft)[m [0m[Player762: Gave 1 [Diamond Sword] to Player762]
[m[34m[18:52:15][m [32m[Render thread/INFO][m [36m(Minecraft)[m [0m[System] [CHAT] Gave 1 [Diamond Sword] to Player762
[m[34m[18:52:22][m [32m[Server thread/INFO][m [36m(Minecraft)[m [0m[Player762: Applied enchantment Unbreaking I to Player762's item]
[m[34m[18:52:22][m [32m[Render thread/INFO][m [36m(Minecraft)[m [0m[System] [CHAT] Applied enchantment Unbreaking I to Player762's item
[m[34m[18:52:45][m [33m[Render thread/WARN][m [36m(Minecraft)[m [0mUnable to play empty soundEvent: minecraft:entity.salmon.ambient
[m[34m[18:53:05][m [32m[Server thread/INFO][m [36m(Minecraft)[m [0m[Player762: Gave 1 [Book] to Player762]
[m[34m[18:53:05][m [32m[Render thread/INFO][m [36m(Minecraft)[m [0m[System] [CHAT] Gave 1 [Book] to Player762
[m[34m[18:53:05][m [32m[Render thread/INFO][m [36m(Minecraft)[m [0mLoaded 6 advancements
[m[34m[18:53:17][m [32m[Render thread/INFO][m [36m(Minecraft)[m [0mStopping!
[m[34m[18:53:17][m [32m[Server thread/INFO][m [36m(Minecraft)[m [0mPlayer762 lost connection: Disconnected
[m[34m[18:53:17][m [32m[Server thread/INFO][m [36m(Minecraft)[m [0mPlayer762 left the game
[m[34m[18:53:17][m [32m[Server thread/INFO][m [36m(Minecraft)[m [0mStopping singleplayer server as player logged out
[m[34m[18:53:17][m [32m[Server thread/INFO][m [36m(Minecraft)[m [0mStopping server
[m[34m[18:53:17][m [32m[Server thread/INFO][m [36m(Minecraft)[m [0mSaving players
[m[34m[18:53:17][m [32m[Server thread/INFO][m [36m(Minecraft)[m [0mSaving worlds
[m[34m[18:53:19][m [32m[Server thread/INFO][m [36m(Minecraft)[m [0mSaving chunks for level 'ServerLevel[New World]'/minecraft:overworld
[m[34m[18:53:30][m [32m[Server thread/INFO][m [36m(Minecraft)[m [0mSaving chunks for level 'ServerLevel[New World]'/minecraft:the_end
[m[34m[18:53:30][m [32m[Server thread/INFO][m [36m(Minecraft)[m [0mSaving chunks for level 'ServerLevel[New World]'/minecraft:the_nether
[m[34m[18:53:30][m [32m[Server thread/INFO][m [36m(Minecraft)[m [0mThreadedAnvilChunkStorage (New World): All chunks are saved
[m[34m[18:53:30][m [32m[Server thread/INFO][m [36m(Minecraft)[m [0mThreadedAnvilChunkStorage (DIM1): All chunks are saved
[m[34m[18:53:30][m [32m[Server thread/INFO][m [36m(Minecraft)[m [0mThreadedAnvilChunkStorage (DIM-1): All chunks are saved
[m[34m[18:53:30][m [32m[Server thread/INFO][m [36m(Minecraft)[m [0mThreadedAnvilChunkStorage: All dimensions are saved
[m
BUILD SUCCESSFUL in 4m 14s
7 actionable tasks: 1 executed, 6 up-to-date
Consider enabling configuration cache to speed up this build: https://docs.gradle.org/9.2.0/userguide/configuration_cache_enabling.html
